---
source: facet-macros-emit/tests/codegen.rs
expression: "expand(r#\"\n        #[derive(Facet)]\n        #[cfg_attr(feature = \"testfeat\", derive(Debug))]\n        #[cfg_attr(feature = \"testfeat\", facet(deny_unknown_fields))]\n        pub struct CubConfig {}\n        \"#)"
---
#[used]
static CUB_CONFIG_SHAPE: &'static ::facet::Shape = <CubConfig as ::facet::Facet>::SHAPE;
#[automatically_derived]
unsafe impl<'__facet> ::facet::Facet<'__facet> for CubConfig {
    const SHAPE: &'static ::facet::Shape = &const {
        let fields: &'static [::facet::Field] = &const { [] };
        let vtable = &const {
            let mut vtable =
                ::facet::value_vtable_inner!(Self, |f, _opts| ::core::fmt::Write::write_str(
                    f,
                    "CubConfig"
                ));
            vtable
        };
        ::facet::Shape::builder()
            .id(::facet::ConstTypeId::of::<Self>())
            .layout(::core::alloc::Layout::new::<Self>())
            .vtable(vtable)
            .def(::facet::Def::Struct(
                ::facet::StructDef::builder()
                    .kind(::facet::StructKind::Struct)
                    .fields(fields)
                    .build(),
            ))
            .build()
    };
}
