---
source: facet-json/tests/deny_unknown_and_default.rs
expression: err
---
[31mError:[0m 
   [38;5;246mâ•­[0m[38;5;246mâ”€[0m[38;5;246m[[0m json:1:30 [38;5;246m][0m
   [38;5;246mâ”‚[0m
 [38;5;246m1 â”‚[0m [38;5;249m{[0m[38;5;249m"[0m[38;5;249mf[0m[38;5;249mo[0m[38;5;249mo[0m[38;5;249m"[0m[38;5;249m:[0m[38;5;249m [0m[38;5;249m"[0m[38;5;249me[0m[38;5;249mx[0m[38;5;249ma[0m[38;5;249mm[0m[38;5;249mp[0m[38;5;249ml[0m[38;5;249me[0m[38;5;249m"[0m[38;5;249m,[0m[38;5;249m [0m[38;5;249m"[0m[38;5;249mb[0m[38;5;249ma[0m[38;5;249mr[0m[38;5;249m"[0m[38;5;249m:[0m[38;5;249m [0m[38;5;249m1[0m[38;5;249m0[0m[38;5;249m0[0m[31m}[0m
 [38;5;240m  â”‚[0m                              [31mâ”¬[0m  
 [38;5;240m  â”‚[0m                              [31mâ•°[0m[31mâ”€[0m[31mâ”€[0m Field 'ThreeField::baz' was not initialized
[38;5;246mâ”€â”€â”€â•¯[0m
