---
source: facet-json/tests/err.rs
expression: err
---
[31mError:[0m 
   [38;5;246mâ•­[0m[38;5;246mâ”€[0m[38;5;246m[[0m json:1:20 [38;5;246m][0m
   [38;5;246mâ”‚[0m
 [38;5;246m1 â”‚[0m [38;5;249m{[0m[38;5;249m"[0m[38;5;249mf[0m[38;5;249mo[0m[38;5;249mo[0m[38;5;249m"[0m[38;5;249m:[0m[38;5;249m [0m[38;5;249m4[0m[38;5;249m2[0m[38;5;249m,[0m[38;5;249m [0m[38;5;249m"[0m[38;5;249mb[0m[38;5;249ma[0m[38;5;249mr[0m[38;5;249m"[0m[38;5;249m:[0m[38;5;249m [0m[31m4[0m[31m2[0m[38;5;249m}[0m
 [38;5;240m  â”‚[0m                    [31mâ”€[0m[31mâ”¬[0m  
 [38;5;240m  â”‚[0m                     [31mâ•°[0m[31mâ”€[0m[31mâ”€[0m Unsupported type: got [31mString[39m, wanted [32mnumeric type[39m
[38;5;246mâ”€â”€â”€â•¯[0m
