---
source: facet-json/tests/nonzero.rs
expression: result.unwrap_err().to_string()
---
[31mError:[0m 
   [38;5;246mâ•­[0m[38;5;246mâ”€[0m[38;5;246m[[0m json:1:9 [38;5;246m][0m
   [38;5;246mâ”‚[0m
 [38;5;246m1 â”‚[0m [38;5;249m{[0m[38;5;249m"[0m[38;5;249mf[0m[38;5;249mo[0m[38;5;249mo[0m[38;5;249m"[0m[38;5;249m:[0m[38;5;249m [0m[31m0[0m[38;5;249m}[0m
 [38;5;240m  â”‚[0m         [31mâ”¬[0m  
 [38;5;240m  â”‚[0m         [31mâ•°[0m[31mâ”€[0m[31mâ”€[0m While trying to put [32mu64[39m into a [34mNonZero<u64>[39m: [31mvalue should be non-zero[39m
[38;5;246mâ”€â”€â”€â•¯[0m
