---
source: facet-json/tests/vec.rs
expression: result
---
Err(
    [31mError:[0m 
       [38;5;246mâ•­[0m[38;5;246mâ”€[0m[38;5;246m[[0m json:8:5 [38;5;246m][0m
       [38;5;246mâ”‚[0m
     [38;5;246m8 â”‚[0m [38;5;249m [0m[38;5;249m [0m[38;5;249m [0m[38;5;249m [0m[31m}[0m
     [38;5;240m  â”‚[0m     [31mâ”¬[0m  
     [38;5;240m  â”‚[0m     [31mâ•°[0m[31mâ”€[0m[31mâ”€[0m Field 'FooBar::bar' was not initialized
    [38;5;246mâ”€â”€â”€â•¯[0m
    ,
)
