---
source: facet-msgpack/tests/err.rs
expression: err
---
Unexpected MessagePack type
