---
source: facet-msgpack/tests/err.rs
expression: err
---
Insufficient data to decode
