---
source: facet-pretty/tests/pretty_print.rs
expression: printer.format(&nums).to_string()
---
Vec<u32> [
  1,
  2,
  3,
  4,
]
