---
source: facet-pretty/tests/pretty_print.rs
expression: "printer.format(&\"hello\").to_string()"
---
hello
