---
source: facet-reflect/src/partial/tests.rs
expression: "Partial::alloc::<f64>()?.build().unwrap_err()"
---
Value '[34mf64[39m' was not initialized
