---
source: facet-reflect/src/wip/tests.rs
expression: wip.build().unwrap_err()
---
Value '[34mBox<u32>[39m' was not initialized
