---
source: facet-args/tests/err.rs
expression: err
---
[31mError:[0m 
   [38;5;246mâ•­[0m[38;5;246mâ”€[0m[38;5;246m[[0m args:1:10 [38;5;246m][0m
   [38;5;246mâ”‚[0m
 [38;5;246m1 â”‚[0m [38;5;249m-[0m[38;5;249m-[0m[38;5;249me[0m[38;5;249mn[0m[38;5;249ma[0m[38;5;249mb[0m[38;5;249ml[0m[38;5;249me[0m[38;5;249m [0m[31mm[0m[31ma[0m[31my[0m[31mb[0m[31me[0m
 [38;5;240m  â”‚[0m          [31mâ”€[0m[31mâ”€[0m[31mâ”¬[0m[31mâ”€[0m[31mâ”€[0m  
 [38;5;240m  â”‚[0m            [31mâ•°[0m[31mâ”€[0m[31mâ”€[0m[31mâ”€[0m[31mâ”€[0m Unknown field: [31mpositional argument[39m for shape [33mArgs[39m
[38;5;246mâ”€â”€â”€â•¯[0m
