---
source: facet-args/tests/err.rs
expression: err
---
[31mError:[0m 
   [38;5;246mâ•­[0m[38;5;246mâ”€[0m[38;5;246m[[0m args:1:1 [38;5;246m][0m
   [38;5;246mâ”‚[0m
 [38;5;246m1 â”‚[0m [31m-[0m[31mj[0m
 [38;5;240m  â”‚[0m [31mâ”€[0m[31mâ”¬[0m  
 [38;5;240m  â”‚[0m  [31mâ•°[0m[31mâ”€[0m[31mâ”€[0m Missing [31margument value[39m for [33m-j[39m
[38;5;246mâ”€â”€â”€â•¯[0m
