---
source: facet-args/tests/err.rs
expression: err
---
[31mError:[0m 
   [38;5;246mâ•­[0m[38;5;246mâ”€[0m[38;5;246m[[0m args:1:1 [38;5;246m][0m
   [38;5;246mâ”‚[0m
 [38;5;246m1 â”‚[0m [31me[0m[31mr[0m[31mr[0m[31mo[0m[31mr[0m[38;5;249m [0m[38;5;249mw[0m[38;5;249mr[0m[38;5;249mo[0m[38;5;249mn[0m[38;5;249mg[0m[38;5;249m [0m[38;5;249mt[0m[38;5;249my[0m[38;5;249mp[0m[38;5;249me[0m
 [38;5;240m  â”‚[0m [31mâ”€[0m[31mâ”€[0m[31mâ”¬[0m[31mâ”€[0m[31mâ”€[0m  
 [38;5;240m  â”‚[0m   [31mâ•°[0m[31mâ”€[0m[31mâ”€[0m[31mâ”€[0m[31mâ”€[0m Unsupported type: got [31mArgs[39m, wanted [32mstruct[39m
[38;5;246mâ”€â”€â”€â•¯[0m
