---
source: facet-args/tests/err.rs
expression: err
---
[31mError:[0m 
   [38;5;246mâ•­[0m[38;5;246mâ”€[0m[38;5;246m[[0m args:1:10 [38;5;246m][0m
   [38;5;246mâ”‚[0m
 [38;5;246m1 â”‚[0m [38;5;249m-[0m[38;5;249m-[0m[38;5;249mc[0m[38;5;249mo[0m[38;5;249mn[0m[38;5;249mf[0m[38;5;249mi[0m[38;5;249mg[0m[38;5;249m [0m[31m{[0m[31ms[0m[31me[0m[31mr[0m[31mv[0m[31me[0m[31mr[0m[31m=[0m[31m{[0m[31mp[0m[31mo[0m[31mr[0m[31mt[0m[31m=[0m[31m8[0m[31m0[0m[31m8[0m[31m0[0m[31m,[0m[31mh[0m[31mo[0m[31ms[0m[31mt[0m[31m=[0m[31ml[0m[31mo[0m[31mc[0m[31ma[0m[31ml[0m[31mh[0m[31mo[0m[31ms[0m[31mt[0m[31m}[0m[31m,[0m[31md[0m[31ma[0m[31mt[0m[31ma[0m[31mb[0m[31ma[0m[31ms[0m[31me[0m[31m=[0m[31m{[0m[31mu[0m[31mr[0m[31ml[0m[31m=[0m[31mp[0m[31mo[0m[31ms[0m[31mt[0m[31mg[0m[31mr[0m[31me[0m[31ms[0m[31mq[0m[31ml[0m[31m:[0m[31m/[0m[31m/[0m[31m,[0m[31mp[0m[31mo[0m[31mo[0m[31ml[0m[31m_[0m[31ms[0m[31mi[0m[31mz[0m[31me[0m[31m=[0m[31m1[0m[31m0[0m[31m}[0m[31m}[0m
 [38;5;240m  â”‚[0m          [31mâ”€[0m[31mâ”€[0m[31mâ”€[0m[31mâ”€[0m[31mâ”€[0m[31mâ”€[0m[31mâ”€[0m[31mâ”€[0m[31mâ”€[0m[31mâ”€[0m[31mâ”€[0m[31mâ”€[0m[31mâ”€[0m[31mâ”€[0m[31mâ”€[0m[31mâ”€[0m[31mâ”€[0m[31mâ”€[0m[31mâ”€[0m[31mâ”€[0m[31mâ”€[0m[31mâ”€[0m[31mâ”€[0m[31mâ”€[0m[31mâ”€[0m[31mâ”€[0m[31mâ”€[0m[31mâ”€[0m[31mâ”€[0m[31mâ”€[0m[31mâ”€[0m[31mâ”€[0m[31mâ”€[0m[31mâ”€[0m[31mâ”€[0m[31mâ”€[0m[31mâ”€[0m[31mâ”€[0m[31mâ”¬[0m[31mâ”€[0m[31mâ”€[0m[31mâ”€[0m[31mâ”€[0m[31mâ”€[0m[31mâ”€[0m[31mâ”€[0m[31mâ”€[0m[31mâ”€[0m[31mâ”€[0m[31mâ”€[0m[31mâ”€[0m[31mâ”€[0m[31mâ”€[0m[31mâ”€[0m[31mâ”€[0m[31mâ”€[0m[31mâ”€[0m[31mâ”€[0m[31mâ”€[0m[31mâ”€[0m[31mâ”€[0m[31mâ”€[0m[31mâ”€[0m[31mâ”€[0m[31mâ”€[0m[31mâ”€[0m[31mâ”€[0m[31mâ”€[0m[31mâ”€[0m[31mâ”€[0m[31mâ”€[0m[31mâ”€[0m[31mâ”€[0m[31mâ”€[0m[31mâ”€[0m[31mâ”€[0m[31mâ”€[0m  
 [38;5;240m  â”‚[0m                                                [31mâ•°[0m[31mâ”€[0m[31mâ”€[0m[31mâ”€[0m[31mâ”€[0m[31mâ”€[0m[31mâ”€[0m[31mâ”€[0m[31mâ”€[0m[31mâ”€[0m[31mâ”€[0m[31mâ”€[0m[31mâ”€[0m[31mâ”€[0m[31mâ”€[0m[31mâ”€[0m[31mâ”€[0m[31mâ”€[0m[31mâ”€[0m[31mâ”€[0m[31mâ”€[0m[31mâ”€[0m[31mâ”€[0m[31mâ”€[0m[31mâ”€[0m[31mâ”€[0m[31mâ”€[0m[31mâ”€[0m[31mâ”€[0m[31mâ”€[0m[31mâ”€[0m[31mâ”€[0m[31mâ”€[0m[31mâ”€[0m[31mâ”€[0m[31mâ”€[0m[31mâ”€[0m[31mâ”€[0m[31mâ”€[0m[31mâ”€[0m[31mâ”€[0m Wrong shape: expected [32mAppConfig[39m, but got [31mString[39m
[38;5;246mâ”€â”€â”€â•¯[0m
