---
source: facet-args/tests/err.rs
expression: err
---
[31mError:[0m 
   [38;5;246mâ•­[0m[38;5;246mâ”€[0m[38;5;246m[[0m args:1:9 [38;5;246m][0m
   [38;5;246mâ”‚[0m
 [38;5;246m1 â”‚[0m [38;5;249m-[0m[38;5;249m-[0m[38;5;249ms[0m[38;5;249mm[0m[38;5;249ma[0m[38;5;249ml[0m[38;5;249ml[0m[38;5;249m [0m[31m1[0m[31m0[0m[31m0[0m[31m0[0m
 [38;5;240m  â”‚[0m         [31mâ”€[0m[31mâ”€[0m[31mâ”¬[0m[31mâ”€[0m  
 [38;5;240m  â”‚[0m           [31mâ•°[0m[31mâ”€[0m[31mâ”€[0m[31mâ”€[0m Cannot convert [31mu64[39m to [32mu8[39m: value out of range or precision loss
[38;5;246mâ”€â”€â”€â•¯[0m
