---
source: facet-args/tests/err.rs
expression: err
---
[31mError:[0m 
   [38;5;246mâ•­[0m[38;5;246mâ”€[0m[38;5;246m[[0m args:1:11 [38;5;246m][0m
   [38;5;246mâ”‚[0m
 [38;5;246m1 â”‚[0m [38;5;249m-[0m[38;5;249m-[0m[38;5;249ma[0m[38;5;249md[0m[38;5;249md[0m[38;5;249mr[0m[38;5;249me[0m[38;5;249ms[0m[38;5;249ms[0m[38;5;249m [0m[31mn[0m[31mo[0m[31mt[0m[31m-[0m[31ma[0m[31mn[0m[31m-[0m[31mi[0m[31mp[0m
 [38;5;240m  â”‚[0m           [31mâ”€[0m[31mâ”€[0m[31mâ”€[0m[31mâ”€[0m[31mâ”¬[0m[31mâ”€[0m[31mâ”€[0m[31mâ”€[0m[31mâ”€[0m  
 [38;5;240m  â”‚[0m               [31mâ•°[0m[31mâ”€[0m[31mâ”€[0m[31mâ”€[0m[31mâ”€[0m[31mâ”€[0m[31mâ”€[0m Operation failed on shape [34mIpAddr[39m: Failed to parse string value
[38;5;246mâ”€â”€â”€â•¯[0m
